COQDEP VFILES
COQC BudgetAbstract.v
Closed under the global context
COQC BudgetLinearTrace.v
Closed under the global context
COQC BudgetIris.v
COQC BudgetRustBelt.v
COQC BudgetTypedCap.v
COQC BudgetIrisTypedCap.v
COQC BudgetRustBeltTypedCap.v
COQC VerifyAssumptions.v
Closed under the global context
Closed under the global context
Closed under the global context
Closed under the global context
Closed under the global context
Closed under the global context
Closed under the global context
Closed under the global context
Closed under the global context
Closed under the global context
Closed under the global context
Closed under the global context
Closed under the global context
Closed under the global context
Closed under the global context
