error[E0308]: mismatched types
   --> src/concurrent.rs:126:55
    |
126 | ... s.live.update(i as int, sum_val).remove(j as int),
    |            ------           ^^^^^^^ expected `u64`, found `int`
    |            |
    |            arguments to this method are incorrect
    |
help: the return type of this call is `vstd::prelude::int` due to the type of the argument passed
   --> src/concurrent.rs:126:31
    |
126 | ...         live: s.live.update(i as int, sum_val).remove(j as int),
    |                   ^^^^^^^^^^^^^^^^^^^^^^^^-------^
    |                                           |
    |                                           this argument influences the return type of `update`
note: method defined here
   --> vstd/seq.rs:95:25

error[E0308]: mismatched types
   --> src/concurrent.rs:183:48
    |
183 |         lemma_seq_sum_update(s.live, i as int, sum_val);
    |         --------------------                   ^^^^^^^ expected `u64`, found `int`
    |         |
    |         arguments to this function are incorrect
    |
note: function defined here
   --> src/concurrent.rs:51:18
    |
 51 |     pub proof fn lemma_seq_sum_update(s: Seq<u64>, idx: int, new_val: u64)
    |                  ^^^^^^^^^^^^^^^^^^^^                        ------------

error[E0308]: mismatched types
   --> src/concurrent.rs:184:52
    |
184 |         let after_update = s.live.update(i as int, sum_val);
    |                                   ------           ^^^^^^^ expected `u64`, found `int`
    |                                   |
    |                                   arguments to this method are incorrect
    |
help: the return type of this call is `vstd::prelude::int` due to the type of the argument passed
   --> src/concurrent.rs:184:28
    |
184 |         let after_update = s.live.update(i as int, sum_val);
    |                            ^^^^^^^^^^^^^^^^^^^^^^^^-------^
    |                                                    |
    |                                                    this argument influences the return type of `update`
note: method defined here
   --> vstd/seq.rs:95:25

error: aborting due to 3 previous errors

For more information about this error, try `rustc --explain E0308`.
